// Jest Snapshot v1, https://goo.gl/fbAQLP

exports[`Dashboard component should render correctly 1`] = `
<div>
  <div
    class="sc-eDWCr beEzaK"
  >
    <div
      class="sc-bcXHqe ROMsa"
    >
      <div
        class="sc-gswNZR bIUWRF"
        span="12"
      >
        <div
          style="padding-top: 60px; padding-bottom: 60px; justify-content: center; align-items: center; display: flex;"
        >
          <div
            class="sc-dkrFOg eCjdnS"
          >
            <button
              class="sc-hLBbgP hqviza"
            >
              All
            </button>
            <button
              class="sc-hLBbgP hvClHC"
            >
              My faves
            </button>
          </div>
        </div>
      </div>
    </div>
    <div
      class="sc-bcXHqe ROMsa"
    >
      <div
        class="sc-gswNZR djDMq"
      >
        <div
          style="padding: 0px 0px 3vw 10vw;"
        >
          <div
            class="dropdown-container"
          >
            <button
              class="dropdown-toggle"
            >
              <table>
                <tbody>
                  <tr>
                    <td>
                      Select your news
                    </td>
                  </tr>
                </tbody>
              </table>
            </button>
          </div>
        </div>
      </div>
    </div>
    <div>
      <div
        class="sc-bcXHqe ROMsa"
        span="12"
      >
        <div
          class="sc-ipEyDJ kZgDPa"
        >
          <div
            class="sc-gswNZR doXCWo"
            span="6"
          >
            <div
              class="sc-gKPRtg gLazcu"
            >
              <div
                class="news-row"
                data-testid="news-item"
              >
                <div
                  class="sc-iBYQkv fnrceR"
                >
                  <table>
                    <tbody>
                      <tr>
                        <td>
                          <img
                            alt=""
                            src="clock.svg"
                          />
                        </td>
                        <td
                          class="news-timestamp"
                        >
                          <span
                            class="sc-eDvSVe bzfGPh"
                          >
                            NaN hour ago by author
                          </span>
                        </td>
                      </tr>
                    </tbody>
                  </table>
                  <span
                    class="sc-jSUZER jNcCqU"
                  >
                     
                  </span>
                </div>
                <div
                  class="sc-ftTHYK bmMHMZ"
                >
                  <img
                    alt=""
                    class="favorite-button"
                    data-testid="heart-unfilled"
                    src="heart-unfilled.svg"
                  />
                </div>
              </div>
            </div>
            <div
              class="sc-gKPRtg gLazcu"
            >
              <div
                class="news-row"
                data-testid="news-item"
              >
                <div
                  class="sc-iBYQkv fnrceR"
                >
                  <table>
                    <tbody>
                      <tr>
                        <td>
                          <img
                            alt=""
                            src="clock.svg"
                          />
                        </td>
                        <td
                          class="news-timestamp"
                        >
                          <span
                            class="sc-eDvSVe bzfGPh"
                          >
                            NaN hour ago by author
                          </span>
                        </td>
                      </tr>
                    </tbody>
                  </table>
                  <span
                    class="sc-jSUZER jNcCqU"
                  >
                     
                  </span>
                </div>
                <div
                  class="sc-ftTHYK bmMHMZ"
                >
                  <img
                    alt=""
                    class="favorite-button"
                    data-testid="heart-unfilled"
                    src="heart-unfilled.svg"
                  />
                </div>
              </div>
            </div>
            <div
              class="sc-gKPRtg gLazcu"
            >
              <div
                class="news-row"
                data-testid="news-item"
              >
                <div
                  class="sc-iBYQkv fnrceR"
                >
                  <table>
                    <tbody>
                      <tr>
                        <td>
                          <img
                            alt=""
                            src="clock.svg"
                          />
                        </td>
                        <td
                          class="news-timestamp"
                        >
                          <span
                            class="sc-eDvSVe bzfGPh"
                          >
                            NaN hour ago by author
                          </span>
                        </td>
                      </tr>
                    </tbody>
                  </table>
                  <span
                    class="sc-jSUZER jNcCqU"
                  >
                     
                  </span>
                </div>
                <div
                  class="sc-ftTHYK bmMHMZ"
                >
                  <img
                    alt=""
                    class="favorite-button"
                    data-testid="heart-unfilled"
                    src="heart-unfilled.svg"
                  />
                </div>
              </div>
            </div>
          </div>
        </div>
        <div
          class="sc-csuSiG eYwYDZ"
        >
          <div
            class="sc-gswNZR doXCWo"
            span="6"
          />
        </div>
      </div>
      <div
        class="sc-kDvujY fOXXKh"
      >
        <div
          class="sc-pyfCe fuWAEx"
        >
          <span
            style="font-weight: 700; cursor: pointer;"
          >
            &lt;
          </span>
        </div>
        <div>
          <div
            class="sc-jrcTuL ddRbKB"
          >
            1
          </div>
        </div>
        <div
          class="sc-pyfCe fuWAEx"
        >
          <span
            data-testid="next-page"
            style="font-weight: 700; cursor: pointer;"
          >
            &gt;
          </span>
        </div>
      </div>
    </div>
  </div>
</div>
`;
